#pragma once

#include <functional>
#include <vector>

#include "VCommandImpl.h"
#include "utils/QueueFamily.h"
#include "vulkan/vulkan.hpp"
#include "vulkan/vulkan_raii.hpp"

namespace VRender {

class VSwapchainImpl {
 public:
  using RenderCommandCallback =
      std::function<VCommandImpl(uint32_t imageIndex,
                                 VSwapchainImpl& swapchain)>;

  VSwapchainImpl();
  ~VSwapchainImpl();

  bool init(const vk::raii::PhysicalDevice& physicalDevice,
            vk::raii::Device& device, vk::SurfaceKHR surface,
            vk::raii::Queue& graphicsQueue, vk::raii::Queue& presentQueue,
            const utils::QueueFamilyIndices& queueIndices,
            vk::Extent2D windowExtent);
  bool recreate(vk::Extent2D windowExtent);
  void setRenderCommandCallback(RenderCommandCallback callback);
  void clearRenderCommandCallback();
  bool render();
  void Shutdown();

  vk::raii::SwapchainKHR& getSwapchain() { return _swapchain; }
  const vk::raii::SwapchainKHR& getSwapchain() const { return _swapchain; }

  const std::vector<vk::Image>& swapchainImages() const {
    return _swapchainImages;
  }
  const std::vector<vk::raii::ImageView>& swapchainImageViews() const {
    return _swapchainImageViews;
  }

  vk::Format swapchainImageFormat() const { return _swapchainImageFormat; }
  vk::Extent2D swapchainExtent() const { return _swapchainExtent; }

 private:
  bool create(vk::Extent2D windowExtent);
  bool createSyncObjects();
  void destroy();
  void destroySyncObjects();

 private:
  static constexpr uint32_t kMaxFramesInFlight = 2;

  const vk::raii::PhysicalDevice* _physicalDevice = nullptr;
  vk::raii::Device* _device = nullptr;
  vk::raii::Queue* _graphicsQueue = nullptr;
  vk::raii::Queue* _presentQueue = nullptr;
  vk::SurfaceKHR _surface = nullptr;
  utils::QueueFamilyIndices _queueIndices{};

  vk::raii::SwapchainKHR _swapchain = nullptr;
  std::vector<vk::Image> _swapchainImages;
  std::vector<vk::raii::ImageView> _swapchainImageViews;
  vk::Format _swapchainImageFormat = vk::Format::eUndefined;
  vk::Extent2D _swapchainExtent{};

  std::vector<vk::raii::Semaphore> _imageAvailableSemaphores;
  std::vector<vk::raii::Semaphore> _renderFinishedSemaphores;
  std::vector<vk::raii::Fence> _inFlightFences;
  uint32_t _currentFrame = 0;
  RenderCommandCallback _renderCommandCallback;
};

}  // namespace VRender
